---
source: crates/af-sui-types/src/move_core/mod.rs
expression: "\"0x1::Diem_Type::Diem\".parse()?"
---
0x0000000000000000000000000000000000000000000000000000000000000001::Diem_Type::Diem
