---
source: crates/af-sui-types/src/move_core/mod.rs
expression: "\"0x1::Diem::Diem<u8,   bool>\".parse()?"
---
0x0000000000000000000000000000000000000000000000000000000000000001::Diem::Diem<u8, bool>
