---
source: crates/af-sui-types/src/move_core/mod.rs
expression: "\"0x1::Diem::Diem<0x1::XDX::XDX_Type>\".parse()?"
---
0x0000000000000000000000000000000000000000000000000000000000000001::Diem::Diem<0x0000000000000000000000000000000000000000000000000000000000000001::XDX::XDX_Type>
