---
source: crates/af-sui-types/src/move_core/mod.rs
expression: "\"0x1::Diem::Diem<vector<0x1::XDX::XDX>>\".parse()?"
---
0x0000000000000000000000000000000000000000000000000000000000000001::Diem::Diem<vector<0x0000000000000000000000000000000000000000000000000000000000000001::XDX::XDX>>
