---
source: crates/af-sui-types/src/move_core/mod.rs
expression: "\"0x1::Diem_::Diem\".parse()?"
---
0x0000000000000000000000000000000000000000000000000000000000000001::Diem_::Diem
