---
source: crates/af-sui-types/src/move_core/mod.rs
expression: "\"0x1::Diem::Diem<0x1::Diem::Struct<vector<0x1::XUS::XUS>, 0x1::Diem::Diem<vector<0x1::Diem::Struct<0x1::XUS::XUS>>>>>\".parse()?"
---
0x0000000000000000000000000000000000000000000000000000000000000001::Diem::Diem<0x0000000000000000000000000000000000000000000000000000000000000001::Diem::Struct<vector<0x0000000000000000000000000000000000000000000000000000000000000001::XUS::XUS>, 0x0000000000000000000000000000000000000000000000000000000000000001::Diem::Diem<vector<0x0000000000000000000000000000000000000000000000000000000000000001::Diem::Struct<0x0000000000000000000000000000000000000000000000000000000000000001::XUS::XUS>>>>>
