---
source: crates/sui-gql-client/src/queries/owner_dof_content.rs
expression: operation.query
---
query Query($address: SuiAddress!, $name: DynamicFieldName!, $rootVersion: UInt53) {
  owner(address: $address, rootVersion: $rootVersion) {
    dynamicField(name: $name) {
      value {
        __typename
        ... on MoveObject {
          address
          version
          contents {
            type {
              repr
            }
            bcs
          }
        }
      }
    }
  }
}
