---
source: crates/sui-gql-client/src/queries/current_epoch_id.rs
expression: operation.query
---
query Query {
  epoch {
    epochId
  }
}
